matthewsoltis@Matthews-MacBook-Pro-3 ~ % aws sts get-caller-identity
{
    "UserId": "AIDAXS6N7DPKM7LOTRWOP",
    "Account": "521733610452",
    "Arn": "arn:aws:iam::521733610452:user/matt"
}


